// Jest Snapshot v1, https://goo.gl/fbAQLP

exports[`ReviewItem is rendered correctly 1`] = `
<li
  className="reviews__item"
>
  <div
    className="reviews__user user"
  >
    <div
      className="reviews__avatar-wrapper user__avatar-wrapper"
    >
      <img
        alt="Reviews avatar"
        className="reviews__avatar user__avatar"
        height="54"
        src="https://robohash.org/54?set=set2&size=54x54"
        width="54"
      />
    </div>
    <span
      className="reviews__user-name"
    >
      Beaulah
    </span>
  </div>
  <div
    className="reviews__info"
  >
    <div
      className="place-card__rating rating"
    >
      <div
        className="place-card__stars rating__stars"
      >
        <span
          style={
            Object {
              "width": "20%",
            }
          }
        />
        <span
          className="visually-hidden"
        >
          Rating
        </span>
      </div>
      
    </div>
    <p
      className="reviews__text"
    >
      Antoni is a great host and us a wonderful home. His suggestions for places to go were killer!10/10 would stay again.
    </p>
    <time
      className="reviews__time"
      dateTime="2004-09-06"
    >
      September 2004
    </time>
  </div>
</li>
`;
