// Jest Snapshot v1, https://goo.gl/fbAQLP

exports[`<PlacesContainer /> snapshots renders PlacesContainer with multiple offers 1`] = `
<div
  className="cities__places-container container"
>
  <section
    className="cities__places places"
  >
    <h2
      className="visually-hidden"
    >
      Places
    </h2>
    <b
      className="places__found"
    >
      0
       
      places
       to stay in 
      Paris
    </b>
    <Sort
      defaultOnValue={false}
    />
    <ListHoverOnMap
      type="cities"
    />
  </section>
  <div
    className="cities__right-section"
  >
    <section
      className="cities__map map"
    >
      <MapSection
        activeCity="Paris"
        activeOffer={5}
        offersToShowOnMap={Array []}
      />
    </section>
  </div>
</div>
`;
